2026-06-07 12:08:40 [INFO] vectrax.telegram_gateway — STATUS | up=2h55m3s | processed=0 | polls=344 (empty=344) | errors=0 | handler_err=0 | pool_threads=0/6 | last_msg=never
2026-06-07 12:11:00 [WARNING] vectrax.telegram_gateway — WATCHDOG | Poll stuck for 42s (>35s) — forcing process exit for supervisor restart
2026-06-07 12:12:13 [INFO] vectrax.telegram_gateway — === Vectrax Telegram Gateway (Scalable) ===
2026-06-07 12:12:13 [INFO] vectrax.telegram_gateway — Gateway ready (6 workers, queue-based)
2026-06-07 12:12:13 [INFO] vectrax.telegram_gateway — Bot started — resumed at offset 99302063 (heartbeat thread active)
2026-06-07 12:12:13 [INFO] vectrax.telegram_gateway — STATUS | up=0h0m0s | processed=0 | polls=0 (empty=0) | errors=0 | handler_err=0 | pool_threads=0/6 | last_msg=never
2026-06-07 12:12:13 [INFO] vectrax.telegram_gateway — TCP_PROBE | resolved api.telegram.org → 149.154.166.110
2026-06-07 12:17:13 [INFO] vectrax.telegram_gateway — STATUS | up=0h5m0s | processed=0 | polls=9 (empty=9) | errors=0 | handler_err=0 | pool_threads=0/6 | last_msg=never
2026-06-07 12:22:13 [INFO] vectrax.telegram_gateway — STATUS | up=0h10m0s | processed=0 | polls=19 (empty=19) | errors=0 | handler_err=0 | pool_threads=0/6 | last_msg=never
2026-06-07 12:27:13 [INFO] vectrax.telegram_gateway — REFRESH SIGNAL | Poll client age 900s — requesting refresh
2026-06-07 12:27:13 [INFO] vectrax.telegram_gateway — STATUS | up=0h15m0s | processed=0 | polls=29 (empty=29) | errors=0 | handler_err=0 | pool_threads=0/6 | last_msg=never
2026-06-07 12:27:27 [INFO] vectrax.telegram_gateway — REFRESH | consuming signal from heartbeat thread
2026-06-07 12:32:13 [INFO] vectrax.telegram_gateway — STATUS | up=0h20m0s | processed=0 | polls=39 (empty=39) | errors=0 | handler_err=0 | pool_threads=0/6 | last_msg=never
2026-06-07 12:37:13 [INFO] vectrax.telegram_gateway — STATUS | up=0h25m0s | processed=0 | polls=49 (empty=49) | errors=0 | handler_err=0 | pool_threads=0/6 | last_msg=never
2026-06-07 12:42:13 [INFO] vectrax.telegram_gateway — STATUS | up=0h30m0s | processed=0 | polls=59 (empty=59) | errors=0 | handler_err=0 | pool_threads=0/6 | last_msg=never
2026-06-07 12:42:33 [INFO] vectrax.telegram_gateway — REFRESH SIGNAL | Poll client age 907s — requesting refresh
2026-06-07 12:42:41 [INFO] vectrax.telegram_gateway — REFRESH | consuming signal from heartbeat thread
2026-06-07 12:47:14 [INFO] vectrax.telegram_gateway — STATUS | up=0h35m0s | processed=0 | polls=68 (empty=68) | errors=0 | handler_err=0 | pool_threads=0/6 | last_msg=never
2026-06-07 12:52:14 [INFO] vectrax.telegram_gateway — STATUS | up=0h40m0s | processed=0 | polls=78 (empty=78) | errors=0 | handler_err=0 | pool_threads=0/6 | last_msg=never
2026-06-07 12:57:14 [INFO] vectrax.telegram_gateway — STATUS | up=0h45m1s | processed=0 | polls=88 (empty=88) | errors=0 | handler_err=0 | pool_threads=0/6 | last_msg=never
2026-06-07 12:57:44 [INFO] vectrax.telegram_gateway — REFRESH SIGNAL | Poll client age 903s — requesting refresh
2026-06-07 12:57:55 [INFO] vectrax.telegram_gateway — REFRESH | consuming signal from heartbeat thread
2026-06-07 13:02:14 [INFO] vectrax.telegram_gateway — STATUS | up=0h50m1s | processed=0 | polls=98 (empty=98) | errors=0 | handler_err=0 | pool_threads=0/6 | last_msg=never
2026-06-07 13:07:14 [INFO] vectrax.telegram_gateway — STATUS | up=0h55m1s | processed=0 | polls=108 (empty=108) | errors=0 | handler_err=0 | pool_threads=0/6 | last_msg=never
2026-06-07 13:12:14 [INFO] vectrax.telegram_gateway — STATUS | up=1h0m1s | processed=0 | polls=118 (empty=118) | errors=0 | handler_err=0 | pool_threads=0/6 | last_msg=never
2026-06-07 13:13:04 [INFO] vectrax.telegram_gateway — REFRESH SIGNAL | Poll client age 909s — requesting refresh
2026-06-07 13:13:09 [INFO] vectrax.telegram_gateway — REFRESH | consuming signal from heartbeat thread
2026-06-07 13:17:14 [INFO] vectrax.telegram_gateway — STATUS | up=1h5m1s | processed=0 | polls=128 (empty=128) | errors=0 | handler_err=0 | pool_threads=0/6 | last_msg=never
2026-06-07 13:22:14 [INFO] vectrax.telegram_gateway — STATUS | up=1h10m1s | processed=0 | polls=137 (empty=137) | errors=0 | handler_err=0 | pool_threads=0/6 | last_msg=never
2026-06-07 13:27:14 [INFO] vectrax.telegram_gateway — STATUS | up=1h15m1s | processed=0 | polls=147 (empty=147) | errors=0 | handler_err=0 | pool_threads=0/6 | last_msg=never
2026-06-07 13:28:14 [INFO] vectrax.telegram_gateway — REFRESH SIGNAL | Poll client age 905s — requesting refresh
2026-06-07 13:28:23 [INFO] vectrax.telegram_gateway — REFRESH | consuming signal from heartbeat thread
2026-06-07 13:32:15 [INFO] vectrax.telegram_gateway — STATUS | up=1h20m1s | processed=0 | polls=157 (empty=157) | errors=0 | handler_err=0 | pool_threads=0/6 | last_msg=never
2026-06-07 13:37:15 [INFO] vectrax.telegram_gateway — STATUS | up=1h25m2s | processed=0 | polls=167 (empty=167) | errors=0 | handler_err=0 | pool_threads=0/6 | last_msg=never
2026-06-07 13:42:15 [INFO] vectrax.telegram_gateway — STATUS | up=1h30m2s | processed=0 | polls=177 (empty=177) | errors=0 | handler_err=0 | pool_threads=0/6 | last_msg=never
2026-06-07 13:43:25 [INFO] vectrax.telegram_gateway — REFRESH SIGNAL | Poll client age 902s — requesting refresh
2026-06-07 13:43:37 [INFO] vectrax.telegram_gateway — REFRESH | consuming signal from heartbeat thread
2026-06-07 13:47:15 [INFO] vectrax.telegram_gateway — STATUS | up=1h35m2s | processed=0 | polls=187 (empty=187) | errors=0 | handler_err=0 | pool_threads=0/6 | last_msg=never
2026-06-07 13:52:15 [INFO] vectrax.telegram_gateway — STATUS | up=1h40m2s | processed=0 | polls=197 (empty=197) | errors=0 | handler_err=0 | pool_threads=0/6 | last_msg=never
2026-06-07 13:57:15 [INFO] vectrax.telegram_gateway — STATUS | up=1h45m2s | processed=0 | polls=206 (empty=206) | errors=0 | handler_err=0 | pool_threads=0/6 | last_msg=never
2026-06-07 13:58:45 [INFO] vectrax.telegram_gateway — REFRESH SIGNAL | Poll client age 908s — requesting refresh
2026-06-07 13:58:51 [INFO] vectrax.telegram_gateway — REFRESH | consuming signal from heartbeat thread
2026-06-07 14:02:15 [INFO] vectrax.telegram_gateway — STATUS | up=1h50m2s | processed=0 | polls=216 (empty=216) | errors=0 | handler_err=0 | pool_threads=0/6 | last_msg=never
2026-06-07 14:07:15 [INFO] vectrax.telegram_gateway — STATUS | up=1h55m2s | processed=0 | polls=226 (empty=226) | errors=0 | handler_err=0 | pool_threads=0/6 | last_msg=never
2026-06-07 14:12:15 [INFO] vectrax.telegram_gateway — STATUS | up=2h0m2s | processed=0 | polls=236 (empty=236) | errors=0 | handler_err=0 | pool_threads=0/6 | last_msg=never
2026-06-07 14:13:55 [INFO] vectrax.telegram_gateway — REFRESH SIGNAL | Poll client age 905s — requesting refresh
2026-06-07 14:14:05 [INFO] vectrax.telegram_gateway — REFRESH | consuming signal from heartbeat thread
2026-06-07 14:17:16 [INFO] vectrax.telegram_gateway — STATUS | up=2h5m2s | processed=0 | polls=246 (empty=246) | errors=0 | handler_err=0 | pool_threads=0/6 | last_msg=never
2026-06-07 14:22:16 [INFO] vectrax.telegram_gateway — STATUS | up=2h10m3s | processed=0 | polls=256 (empty=256) | errors=0 | handler_err=0 | pool_threads=0/6 | last_msg=never
2026-06-07 14:27:16 [INFO] vectrax.telegram_gateway — STATUS | up=2h15m3s | processed=0 | polls=265 (empty=265) | errors=0 | handler_err=0 | pool_threads=0/6 | last_msg=never
2026-06-07 14:29:06 [INFO] vectrax.telegram_gateway — REFRESH SIGNAL | Poll client age 901s — requesting refresh
2026-06-07 14:29:19 [INFO] vectrax.telegram_gateway — REFRESH | consuming signal from heartbeat thread
2026-06-07 14:32:16 [INFO] vectrax.telegram_gateway — STATUS | up=2h20m3s | processed=0 | polls=275 (empty=275) | errors=0 | handler_err=0 | pool_threads=0/6 | last_msg=never
2026-06-07 14:37:16 [INFO] vectrax.telegram_gateway — STATUS | up=2h25m3s | processed=0 | polls=285 (empty=285) | errors=0 | handler_err=0 | pool_threads=0/6 | last_msg=never
2026-06-07 14:42:16 [INFO] vectrax.telegram_gateway — STATUS | up=2h30m3s | processed=0 | polls=295 (empty=295) | errors=0 | handler_err=0 | pool_threads=0/6 | last_msg=never
2026-06-07 14:44:26 [INFO] vectrax.telegram_gateway — REFRESH SIGNAL | Poll client age 907s — requesting refresh
2026-06-07 14:44:33 [INFO] vectrax.telegram_gateway — REFRESH | consuming signal from heartbeat thread
2026-06-07 14:47:16 [INFO] vectrax.telegram_gateway — STATUS | up=2h35m3s | processed=0 | polls=305 (empty=305) | errors=0 | handler_err=0 | pool_threads=0/6 | last_msg=never
2026-06-07 14:52:16 [INFO] vectrax.telegram_gateway — STATUS | up=2h40m3s | processed=0 | polls=315 (empty=315) | errors=0 | handler_err=0 | pool_threads=0/6 | last_msg=never
2026-06-07 14:57:16 [INFO] vectrax.telegram_gateway — STATUS | up=2h45m3s | processed=0 | polls=325 (empty=325) | errors=0 | handler_err=0 | pool_threads=0/6 | last_msg=never
2026-06-07 14:59:37 [INFO] vectrax.telegram_gateway — REFRESH SIGNAL | Poll client age 904s — requesting refresh
2026-06-07 14:59:47 [INFO] vectrax.telegram_gateway — REFRESH | consuming signal from heartbeat thread
2026-06-07 15:02:17 [INFO] vectrax.telegram_gateway — STATUS | up=2h50m3s | processed=0 | polls=334 (empty=334) | errors=0 | handler_err=0 | pool_threads=0/6 | last_msg=never
2026-06-07 15:07:17 [INFO] vectrax.telegram_gateway — STATUS | up=2h55m4s | processed=0 | polls=344 (empty=344) | errors=0 | handler_err=0 | pool_threads=0/6 | last_msg=never
2026-06-07 15:09:37 [WARNING] vectrax.telegram_gateway — WATCHDOG | Poll stuck for 42s (>35s) — forcing process exit for supervisor restart
2026-06-07 15:10:50 [INFO] vectrax.telegram_gateway — === Vectrax Telegram Gateway (Scalable) ===
2026-06-07 15:10:50 [INFO] vectrax.telegram_gateway — Gateway ready (6 workers, queue-based)
2026-06-07 15:10:50 [INFO] vectrax.telegram_gateway — Bot started — resumed at offset 99302063 (heartbeat thread active)
2026-06-07 15:10:50 [INFO] vectrax.telegram_gateway — STATUS | up=0h0m0s | processed=0 | polls=0 (empty=0) | errors=0 | handler_err=0 | pool_threads=0/6 | last_msg=never
2026-06-07 15:10:50 [INFO] vectrax.telegram_gateway — TCP_PROBE | resolved api.telegram.org → 149.154.166.110
2026-06-07 15:15:50 [INFO] vectrax.telegram_gateway — STATUS | up=0h5m0s | processed=0 | polls=9 (empty=9) | errors=0 | handler_err=0 | pool_threads=0/6 | last_msg=never
2026-06-07 15:20:50 [INFO] vectrax.telegram_gateway — STATUS | up=0h10m0s | processed=0 | polls=19 (empty=19) | errors=0 | handler_err=0 | pool_threads=0/6 | last_msg=never
2026-06-07 15:25:50 [INFO] vectrax.telegram_gateway — REFRESH SIGNAL | Poll client age 900s — requesting refresh
2026-06-07 15:25:50 [INFO] vectrax.telegram_gateway — STATUS | up=0h15m0s | processed=0 | polls=29 (empty=29) | errors=0 | handler_err=0 | pool_threads=0/6 | last_msg=never
2026-06-07 15:26:04 [INFO] vectrax.telegram_gateway — REFRESH | consuming signal from heartbeat thread
2026-06-07 15:30:50 [INFO] vectrax.telegram_gateway — STATUS | up=0h20m0s | processed=0 | polls=39 (empty=39) | errors=0 | handler_err=0 | pool_threads=0/6 | last_msg=never
2026-06-07 15:35:50 [INFO] vectrax.telegram_gateway — STATUS | up=0h25m0s | processed=0 | polls=49 (empty=49) | errors=0 | handler_err=0 | pool_threads=0/6 | last_msg=never
2026-06-07 15:40:50 [INFO] vectrax.telegram_gateway — STATUS | up=0h30m0s | processed=0 | polls=59 (empty=59) | errors=0 | handler_err=0 | pool_threads=0/6 | last_msg=never
2026-06-07 15:41:10 [INFO] vectrax.telegram_gateway — REFRESH SIGNAL | Poll client age 907s — requesting refresh
2026-06-07 15:41:18 [INFO] vectrax.telegram_gateway — REFRESH | consuming signal from heartbeat thread
2026-06-07 15:45:51 [INFO] vectrax.telegram_gateway — STATUS | up=0h35m0s | processed=0 | polls=68 (empty=68) | errors=0 | handler_err=0 | pool_threads=0/6 | last_msg=never
2026-06-07 15:50:51 [INFO] vectrax.telegram_gateway — STATUS | up=0h40m1s | processed=0 | polls=78 (empty=78) | errors=0 | handler_err=0 | pool_threads=0/6 | last_msg=never
2026-06-07 15:55:51 [INFO] vectrax.telegram_gateway — STATUS | up=0h45m1s | processed=0 | polls=88 (empty=88) | errors=0 | handler_err=0 | pool_threads=0/6 | last_msg=never
2026-06-07 15:56:21 [INFO] vectrax.telegram_gateway — REFRESH SIGNAL | Poll client age 903s — requesting refresh
2026-06-07 15:56:32 [INFO] vectrax.telegram_gateway — REFRESH | consuming signal from heartbeat thread
2026-06-07 16:00:51 [INFO] vectrax.telegram_gateway — STATUS | up=0h50m1s | processed=0 | polls=98 (empty=98) | errors=0 | handler_err=0 | pool_threads=0/6 | last_msg=never
2026-06-07 16:05:51 [INFO] vectrax.telegram_gateway — STATUS | up=0h55m1s | processed=0 | polls=108 (empty=108) | errors=0 | handler_err=0 | pool_threads=0/6 | last_msg=never
2026-06-07 16:10:51 [INFO] vectrax.telegram_gateway — STATUS | up=1h0m1s | processed=0 | polls=118 (empty=118) | errors=0 | handler_err=0 | pool_threads=0/6 | last_msg=never
2026-06-07 16:11:41 [INFO] vectrax.telegram_gateway — REFRESH SIGNAL | Poll client age 909s — requesting refresh
2026-06-07 16:11:46 [INFO] vectrax.telegram_gateway — REFRESH | consuming signal from heartbeat thread
2026-06-07 16:15:51 [INFO] vectrax.telegram_gateway — STATUS | up=1h5m1s | processed=0 | polls=128 (empty=128) | errors=0 | handler_err=0 | pool_threads=0/6 | last_msg=never
2026-06-07 16:20:51 [INFO] vectrax.telegram_gateway — STATUS | up=1h10m1s | processed=0 | polls=137 (empty=137) | errors=0 | handler_err=0 | pool_threads=0/6 | last_msg=never
2026-06-07 16:25:51 [INFO] vectrax.telegram_gateway — STATUS | up=1h15m1s | processed=0 | polls=147 (empty=147) | errors=0 | handler_err=0 | pool_threads=0/6 | last_msg=never
2026-06-07 16:26:51 [INFO] vectrax.telegram_gateway — REFRESH SIGNAL | Poll client age 906s — requesting refresh
2026-06-07 16:27:00 [INFO] vectrax.telegram_gateway — REFRESH | consuming signal from heartbeat thread
2026-06-07 16:30:52 [INFO] vectrax.telegram_gateway — STATUS | up=1h20m1s | processed=0 | polls=157 (empty=157) | errors=0 | handler_err=0 | pool_threads=0/6 | last_msg=never
2026-06-07 16:35:52 [INFO] vectrax.telegram_gateway — STATUS | up=1h25m2s | processed=0 | polls=167 (empty=167) | errors=0 | handler_err=0 | pool_threads=0/6 | last_msg=never
2026-06-07 16:40:52 [INFO] vectrax.telegram_gateway — STATUS | up=1h30m2s | processed=0 | polls=177 (empty=177) | errors=0 | handler_err=0 | pool_threads=0/6 | last_msg=never
2026-06-07 16:42:02 [INFO] vectrax.telegram_gateway — REFRESH SIGNAL | Poll client age 902s — requesting refresh
2026-06-07 16:42:14 [INFO] vectrax.telegram_gateway — REFRESH | consuming signal from heartbeat thread
2026-06-07 16:45:52 [INFO] vectrax.telegram_gateway — STATUS | up=1h35m2s | processed=0 | polls=187 (empty=187) | errors=0 | handler_err=0 | pool_threads=0/6 | last_msg=never
2026-06-07 16:50:52 [INFO] vectrax.telegram_gateway — STATUS | up=1h40m2s | processed=0 | polls=197 (empty=197) | errors=0 | handler_err=0 | pool_threads=0/6 | last_msg=never
2026-06-07 16:55:52 [INFO] vectrax.telegram_gateway — STATUS | up=1h45m2s | processed=0 | polls=206 (empty=206) | errors=0 | handler_err=0 | pool_threads=0/6 | last_msg=never
2026-06-07 16:57:22 [INFO] vectrax.telegram_gateway — REFRESH SIGNAL | Poll client age 908s — requesting refresh
2026-06-07 16:57:28 [INFO] vectrax.telegram_gateway — REFRESH | consuming signal from heartbeat thread
2026-06-07 17:00:52 [INFO] vectrax.telegram_gateway — STATUS | up=1h50m2s | processed=0 | polls=216 (empty=216) | errors=0 | handler_err=0 | pool_threads=0/6 | last_msg=never
2026-06-07 17:05:52 [INFO] vectrax.telegram_gateway — STATUS | up=1h55m2s | processed=0 | polls=226 (empty=226) | errors=0 | handler_err=0 | pool_threads=0/6 | last_msg=never
2026-06-07 17:10:52 [INFO] vectrax.telegram_gateway — STATUS | up=2h0m2s | processed=0 | polls=236 (empty=236) | errors=0 | handler_err=0 | pool_threads=0/6 | last_msg=never
2026-06-07 17:12:33 [INFO] vectrax.telegram_gateway — REFRESH SIGNAL | Poll client age 905s — requesting refresh
2026-06-07 17:12:42 [INFO] vectrax.telegram_gateway — REFRESH | consuming signal from heartbeat thread
2026-06-07 17:15:53 [INFO] vectrax.telegram_gateway — STATUS | up=2h5m2s | processed=0 | polls=246 (empty=246) | errors=0 | handler_err=0 | pool_threads=0/6 | last_msg=never
2026-06-07 17:20:53 [INFO] vectrax.telegram_gateway — STATUS | up=2h10m3s | processed=0 | polls=256 (empty=256) | errors=0 | handler_err=0 | pool_threads=0/6 | last_msg=never
2026-06-07 17:25:53 [INFO] vectrax.telegram_gateway — STATUS | up=2h15m3s | processed=0 | polls=265 (empty=265) | errors=0 | handler_err=0 | pool_threads=0/6 | last_msg=never
2026-06-07 17:27:43 [INFO] vectrax.telegram_gateway — REFRESH SIGNAL | Poll client age 901s — requesting refresh
2026-06-07 17:27:56 [INFO] vectrax.telegram_gateway — REFRESH | consuming signal from heartbeat thread
2026-06-07 17:30:53 [INFO] vectrax.telegram_gateway — STATUS | up=2h20m3s | processed=0 | polls=275 (empty=275) | errors=0 | handler_err=0 | pool_threads=0/6 | last_msg=never
2026-06-07 17:35:53 [INFO] vectrax.telegram_gateway — STATUS | up=2h25m3s | processed=0 | polls=285 (empty=285) | errors=0 | handler_err=0 | pool_threads=0/6 | last_msg=never
2026-06-07 17:40:53 [INFO] vectrax.telegram_gateway — STATUS | up=2h30m3s | processed=0 | polls=295 (empty=295) | errors=0 | handler_err=0 | pool_threads=0/6 | last_msg=never
2026-06-07 17:43:03 [INFO] vectrax.telegram_gateway — REFRESH SIGNAL | Poll client age 907s — requesting refresh
2026-06-07 17:43:10 [INFO] vectrax.telegram_gateway — REFRESH | consuming signal from heartbeat thread
2026-06-07 17:45:53 [INFO] vectrax.telegram_gateway — STATUS | up=2h35m3s | processed=0 | polls=305 (empty=305) | errors=0 | handler_err=0 | pool_threads=0/6 | last_msg=never
2026-06-07 17:50:53 [INFO] vectrax.telegram_gateway — STATUS | up=2h40m3s | processed=0 | polls=315 (empty=315) | errors=0 | handler_err=0 | pool_threads=0/6 | last_msg=never
2026-06-07 17:55:54 [INFO] vectrax.telegram_gateway — STATUS | up=2h45m3s | processed=0 | polls=325 (empty=325) | errors=0 | handler_err=0 | pool_threads=0/6 | last_msg=never
2026-06-07 17:58:14 [INFO] vectrax.telegram_gateway — REFRESH SIGNAL | Poll client age 904s — requesting refresh
2026-06-07 17:58:24 [INFO] vectrax.telegram_gateway — REFRESH | consuming signal from heartbeat thread
2026-06-07 18:00:54 [INFO] vectrax.telegram_gateway — STATUS | up=2h50m4s | processed=0 | polls=334 (empty=334) | errors=0 | handler_err=0 | pool_threads=0/6 | last_msg=never
2026-06-07 18:05:54 [INFO] vectrax.telegram_gateway — STATUS | up=2h55m4s | processed=0 | polls=344 (empty=344) | errors=0 | handler_err=0 | pool_threads=0/6 | last_msg=never
2026-06-07 18:08:14 [WARNING] vectrax.telegram_gateway — WATCHDOG | Poll stuck for 42s (>35s) — forcing process exit for supervisor restart
2026-06-07 18:09:27 [INFO] vectrax.telegram_gateway — === Vectrax Telegram Gateway (Scalable) ===
2026-06-07 18:09:27 [INFO] vectrax.telegram_gateway — Gateway ready (6 workers, queue-based)
2026-06-07 18:09:27 [INFO] vectrax.telegram_gateway — Bot started — resumed at offset 99302063 (heartbeat thread active)
2026-06-07 18:09:27 [INFO] vectrax.telegram_gateway — STATUS | up=0h0m0s | processed=0 | polls=0 (empty=0) | errors=0 | handler_err=0 | pool_threads=0/6 | last_msg=never
2026-06-07 18:09:27 [INFO] vectrax.telegram_gateway — TCP_PROBE | resolved api.telegram.org → 149.154.166.110
2026-06-07 18:14:27 [INFO] vectrax.telegram_gateway — STATUS | up=0h5m0s | processed=0 | polls=9 (empty=9) | errors=0 | handler_err=0 | pool_threads=0/6 | last_msg=never
2026-06-07 18:19:27 [INFO] vectrax.telegram_gateway — STATUS | up=0h10m0s | processed=0 | polls=19 (empty=19) | errors=0 | handler_err=0 | pool_threads=0/6 | last_msg=never
2026-06-07 18:24:27 [INFO] vectrax.telegram_gateway — REFRESH SIGNAL | Poll client age 900s — requesting refresh
2026-06-07 18:24:27 [INFO] vectrax.telegram_gateway — STATUS | up=0h15m0s | processed=0 | polls=29 (empty=29) | errors=0 | handler_err=0 | pool_threads=0/6 | last_msg=never
2026-06-07 18:24:41 [INFO] vectrax.telegram_gateway — REFRESH | consuming signal from heartbeat thread
2026-06-07 18:29:27 [INFO] vectrax.telegram_gateway — STATUS | up=0h20m0s | processed=0 | polls=39 (empty=39) | errors=0 | handler_err=0 | pool_threads=0/6 | last_msg=never
2026-06-07 18:34:27 [INFO] vectrax.telegram_gateway — STATUS | up=0h25m0s | processed=0 | polls=49 (empty=49) | errors=0 | handler_err=0 | pool_threads=0/6 | last_msg=never
2026-06-07 18:39:27 [INFO] vectrax.telegram_gateway — STATUS | up=0h30m0s | processed=0 | polls=59 (empty=59) | errors=0 | handler_err=0 | pool_threads=0/6 | last_msg=never
2026-06-07 18:39:47 [INFO] vectrax.telegram_gateway — REFRESH SIGNAL | Poll client age 906s — requesting refresh
2026-06-07 18:39:55 [INFO] vectrax.telegram_gateway — REFRESH | consuming signal from heartbeat thread
2026-06-07 18:44:27 [INFO] vectrax.telegram_gateway — STATUS | up=0h35m0s | processed=0 | polls=68 (empty=68) | errors=0 | handler_err=0 | pool_threads=0/6 | last_msg=never
2026-06-07 18:49:28 [INFO] vectrax.telegram_gateway — STATUS | up=0h40m1s | processed=0 | polls=78 (empty=78) | errors=0 | handler_err=0 | pool_threads=0/6 | last_msg=never
2026-06-07 18:54:28 [INFO] vectrax.telegram_gateway — STATUS | up=0h45m1s | processed=0 | polls=88 (empty=88) | errors=0 | handler_err=0 | pool_threads=0/6 | last_msg=never
2026-06-07 18:54:58 [INFO] vectrax.telegram_gateway — REFRESH SIGNAL | Poll client age 903s — requesting refresh
2026-06-07 18:55:09 [INFO] vectrax.telegram_gateway — REFRESH | consuming signal from heartbeat thread
2026-06-07 18:59:28 [INFO] vectrax.telegram_gateway — STATUS | up=0h50m1s | processed=0 | polls=98 (empty=98) | errors=0 | handler_err=0 | pool_threads=0/6 | last_msg=never
2026-06-07 19:04:28 [INFO] vectrax.telegram_gateway — STATUS | up=0h55m1s | processed=0 | polls=108 (empty=108) | errors=0 | handler_err=0 | pool_threads=0/6 | last_msg=never
2026-06-07 19:09:28 [INFO] vectrax.telegram_gateway — STATUS | up=1h0m1s | processed=0 | polls=118 (empty=118) | errors=0 | handler_err=0 | pool_threads=0/6 | last_msg=never
2026-06-07 19:10:18 [INFO] vectrax.telegram_gateway — REFRESH SIGNAL | Poll client age 909s — requesting refresh
2026-06-07 19:10:23 [INFO] vectrax.telegram_gateway — REFRESH | consuming signal from heartbeat thread
2026-06-07 19:14:28 [INFO] vectrax.telegram_gateway — STATUS | up=1h5m1s | processed=0 | polls=128 (empty=128) | errors=0 | handler_err=0 | pool_threads=0/6 | last_msg=never
2026-06-07 19:19:28 [INFO] vectrax.telegram_gateway — STATUS | up=1h10m1s | processed=0 | polls=137 (empty=137) | errors=0 | handler_err=0 | pool_threads=0/6 | last_msg=never
2026-06-07 19:24:28 [INFO] vectrax.telegram_gateway — STATUS | up=1h15m1s | processed=0 | polls=147 (empty=147) | errors=0 | handler_err=0 | pool_threads=0/6 | last_msg=never
2026-06-07 19:25:28 [INFO] vectrax.telegram_gateway — REFRESH SIGNAL | Poll client age 906s — requesting refresh
2026-06-07 19:25:37 [INFO] vectrax.telegram_gateway — REFRESH | consuming signal from heartbeat thread
2026-06-07 19:29:28 [INFO] vectrax.telegram_gateway — STATUS | up=1h20m1s | processed=0 | polls=157 (empty=157) | errors=0 | handler_err=0 | pool_threads=0/6 | last_msg=never
2026-06-07 19:34:29 [INFO] vectrax.telegram_gateway — STATUS | up=1h25m2s | processed=0 | polls=167 (empty=167) | errors=0 | handler_err=0 | pool_threads=0/6 | last_msg=never
2026-06-07 19:39:29 [INFO] vectrax.telegram_gateway — STATUS | up=1h30m2s | processed=0 | polls=177 (empty=177) | errors=0 | handler_err=0 | pool_threads=0/6 | last_msg=never
2026-06-07 19:40:39 [INFO] vectrax.telegram_gateway — REFRESH SIGNAL | Poll client age 902s — requesting refresh
2026-06-07 19:40:51 [INFO] vectrax.telegram_gateway — REFRESH | consuming signal from heartbeat thread
2026-06-07 19:44:29 [INFO] vectrax.telegram_gateway — STATUS | up=1h35m2s | processed=0 | polls=187 (empty=187) | errors=0 | handler_err=0 | pool_threads=0/6 | last_msg=never
2026-06-07 19:49:29 [INFO] vectrax.telegram_gateway — STATUS | up=1h40m2s | processed=0 | polls=197 (empty=197) | errors=0 | handler_err=0 | pool_threads=0/6 | last_msg=never
2026-06-07 19:54:29 [INFO] vectrax.telegram_gateway — STATUS | up=1h45m2s | processed=0 | polls=206 (empty=206) | errors=0 | handler_err=0 | pool_threads=0/6 | last_msg=never
2026-06-07 19:55:59 [INFO] vectrax.telegram_gateway — REFRESH SIGNAL | Poll client age 908s — requesting refresh
2026-06-07 19:56:05 [INFO] vectrax.telegram_gateway — REFRESH | consuming signal from heartbeat thread
2026-06-07 19:59:29 [INFO] vectrax.telegram_gateway — STATUS | up=1h50m2s | processed=0 | polls=216 (empty=216) | errors=0 | handler_err=0 | pool_threads=0/6 | last_msg=never
2026-06-07 20:04:29 [INFO] vectrax.telegram_gateway — STATUS | up=1h55m2s | processed=0 | polls=226 (empty=226) | errors=0 | handler_err=0 | pool_threads=0/6 | last_msg=never
2026-06-07 20:09:29 [INFO] vectrax.telegram_gateway — STATUS | up=2h0m2s | processed=0 | polls=236 (empty=236) | errors=0 | handler_err=0 | pool_threads=0/6 | last_msg=never
2026-06-07 20:11:09 [INFO] vectrax.telegram_gateway — REFRESH SIGNAL | Poll client age 905s — requesting refresh
2026-06-07 20:11:19 [INFO] vectrax.telegram_gateway — REFRESH | consuming signal from heartbeat thread
2026-06-07 20:14:29 [INFO] vectrax.telegram_gateway — STATUS | up=2h5m2s | processed=0 | polls=246 (empty=246) | errors=0 | handler_err=0 | pool_threads=0/6 | last_msg=never
2026-06-07 20:19:30 [INFO] vectrax.telegram_gateway — STATUS | up=2h10m3s | processed=0 | polls=256 (empty=256) | errors=0 | handler_err=0 | pool_threads=0/6 | last_msg=never
2026-06-07 20:24:30 [INFO] vectrax.telegram_gateway — STATUS | up=2h15m3s | processed=0 | polls=265 (empty=265) | errors=0 | handler_err=0 | pool_threads=0/6 | last_msg=never
2026-06-07 20:26:20 [INFO] vectrax.telegram_gateway — REFRESH SIGNAL | Poll client age 901s — requesting refresh
2026-06-07 20:26:33 [INFO] vectrax.telegram_gateway — REFRESH | consuming signal from heartbeat thread
2026-06-07 20:29:30 [INFO] vectrax.telegram_gateway — STATUS | up=2h20m3s | processed=0 | polls=275 (empty=275) | errors=0 | handler_err=0 | pool_threads=0/6 | last_msg=never
2026-06-07 20:34:30 [INFO] vectrax.telegram_gateway — STATUS | up=2h25m3s | processed=0 | polls=285 (empty=285) | errors=0 | handler_err=0 | pool_threads=0/6 | last_msg=never
2026-06-07 20:39:30 [INFO] vectrax.telegram_gateway — STATUS | up=2h30m3s | processed=0 | polls=295 (empty=295) | errors=0 | handler_err=0 | pool_threads=0/6 | last_msg=never
2026-06-07 20:41:40 [INFO] vectrax.telegram_gateway — REFRESH SIGNAL | Poll client age 908s — requesting refresh
2026-06-07 20:41:46 [INFO] vectrax.telegram_gateway — REFRESH | consuming signal from heartbeat thread
2026-06-07 20:44:30 [INFO] vectrax.telegram_gateway — STATUS | up=2h35m3s | processed=0 | polls=305 (empty=305) | errors=0 | handler_err=0 | pool_threads=0/6 | last_msg=never
2026-06-07 20:49:30 [INFO] vectrax.telegram_gateway — STATUS | up=2h40m3s | processed=0 | polls=315 (empty=315) | errors=0 | handler_err=0 | pool_threads=0/6 | last_msg=never
2026-06-07 20:54:30 [INFO] vectrax.telegram_gateway — STATUS | up=2h45m3s | processed=0 | polls=325 (empty=325) | errors=0 | handler_err=0 | pool_threads=0/6 | last_msg=never
2026-06-07 20:56:50 [INFO] vectrax.telegram_gateway — REFRESH SIGNAL | Poll client age 904s — requesting refresh
2026-06-07 20:57:00 [INFO] vectrax.telegram_gateway — REFRESH | consuming signal from heartbeat thread
2026-06-07 20:59:31 [INFO] vectrax.telegram_gateway — STATUS | up=2h50m4s | processed=0 | polls=334 (empty=334) | errors=0 | handler_err=0 | pool_threads=0/6 | last_msg=never
2026-06-07 21:04:31 [INFO] vectrax.telegram_gateway — STATUS | up=2h55m4s | processed=0 | polls=344 (empty=344) | errors=0 | handler_err=0 | pool_threads=0/6 | last_msg=never
2026-06-07 21:06:51 [WARNING] vectrax.telegram_gateway — WATCHDOG | Poll stuck for 42s (>35s) — forcing process exit for supervisor restart
2026-06-07 21:08:03 [INFO] vectrax.telegram_gateway — === Vectrax Telegram Gateway (Scalable) ===
2026-06-07 21:08:04 [INFO] vectrax.telegram_gateway — Gateway ready (6 workers, queue-based)
2026-06-07 21:08:04 [INFO] vectrax.telegram_gateway — Bot started — resumed at offset 99302063 (heartbeat thread active)
2026-06-07 21:08:04 [INFO] vectrax.telegram_gateway — STATUS | up=0h0m0s | processed=0 | polls=0 (empty=0) | errors=0 | handler_err=0 | pool_threads=0/6 | last_msg=never
2026-06-07 21:08:04 [INFO] vectrax.telegram_gateway — TCP_PROBE | resolved api.telegram.org → 149.154.166.110
2026-06-07 21:13:04 [INFO] vectrax.telegram_gateway — STATUS | up=0h5m0s | processed=0 | polls=9 (empty=9) | errors=0 | handler_err=0 | pool_threads=0/6 | last_msg=never
2026-06-07 21:18:04 [INFO] vectrax.telegram_gateway — STATUS | up=0h10m0s | processed=0 | polls=19 (empty=19) | errors=0 | handler_err=0 | pool_threads=0/6 | last_msg=never
2026-06-07 21:23:04 [INFO] vectrax.telegram_gateway — REFRESH SIGNAL | Poll client age 900s — requesting refresh
2026-06-07 21:23:04 [INFO] vectrax.telegram_gateway — STATUS | up=0h15m0s | processed=0 | polls=29 (empty=29) | errors=0 | handler_err=0 | pool_threads=0/6 | last_msg=never
2026-06-07 21:23:18 [INFO] vectrax.telegram_gateway — REFRESH | consuming signal from heartbeat thread
2026-06-07 21:28:04 [INFO] vectrax.telegram_gateway — STATUS | up=0h20m0s | processed=0 | polls=39 (empty=39) | errors=0 | handler_err=0 | pool_threads=0/6 | last_msg=never
2026-06-07 21:33:04 [INFO] vectrax.telegram_gateway — STATUS | up=0h25m0s | processed=0 | polls=49 (empty=49) | errors=0 | handler_err=0 | pool_threads=0/6 | last_msg=never
2026-06-07 21:38:04 [INFO] vectrax.telegram_gateway — STATUS | up=0h30m0s | processed=0 | polls=59 (empty=59) | errors=0 | handler_err=0 | pool_threads=0/6 | last_msg=never
2026-06-07 21:38:24 [INFO] vectrax.telegram_gateway — REFRESH SIGNAL | Poll client age 906s — requesting refresh
2026-06-07 21:38:32 [INFO] vectrax.telegram_gateway — REFRESH | consuming signal from heartbeat thread
2026-06-07 21:43:04 [INFO] vectrax.telegram_gateway — STATUS | up=0h35m0s | processed=0 | polls=68 (empty=68) | errors=0 | handler_err=0 | pool_threads=0/6 | last_msg=never
2026-06-07 21:48:04 [INFO] vectrax.telegram_gateway — STATUS | up=0h40m0s | processed=0 | polls=78 (empty=78) | errors=0 | handler_err=0 | pool_threads=0/6 | last_msg=never
2026-06-07 21:53:05 [INFO] vectrax.telegram_gateway — STATUS | up=0h45m1s | processed=0 | polls=88 (empty=88) | errors=0 | handler_err=0 | pool_threads=0/6 | last_msg=never
2026-06-07 21:53:35 [INFO] vectrax.telegram_gateway — REFRESH SIGNAL | Poll client age 903s — requesting refresh
2026-06-07 21:53:46 [INFO] vectrax.telegram_gateway — REFRESH | consuming signal from heartbeat thread
2026-06-07 21:58:05 [INFO] vectrax.telegram_gateway — STATUS | up=0h50m1s | processed=0 | polls=98 (empty=98) | errors=0 | handler_err=0 | pool_threads=0/6 | last_msg=never
2026-06-07 22:03:05 [INFO] vectrax.telegram_gateway — STATUS | up=0h55m1s | processed=0 | polls=108 (empty=108) | errors=0 | handler_err=0 | pool_threads=0/6 | last_msg=never
2026-06-07 22:08:05 [INFO] vectrax.telegram_gateway — STATUS | up=1h0m1s | processed=0 | polls=118 (empty=118) | errors=0 | handler_err=0 | pool_threads=0/6 | last_msg=never
2026-06-07 22:08:55 [INFO] vectrax.telegram_gateway — REFRESH SIGNAL | Poll client age 909s — requesting refresh
2026-06-07 22:09:00 [INFO] vectrax.telegram_gateway — REFRESH | consuming signal from heartbeat thread
2026-06-07 22:13:05 [INFO] vectrax.telegram_gateway — STATUS | up=1h5m1s | processed=0 | polls=128 (empty=128) | errors=0 | handler_err=0 | pool_threads=0/6 | last_msg=never
2026-06-07 22:18:05 [INFO] vectrax.telegram_gateway — STATUS | up=1h10m1s | processed=0 | polls=137 (empty=137) | errors=0 | handler_err=0 | pool_threads=0/6 | last_msg=never
2026-06-07 22:23:05 [INFO] vectrax.telegram_gateway — STATUS | up=1h15m1s | processed=0 | polls=147 (empty=147) | errors=0 | handler_err=0 | pool_threads=0/6 | last_msg=never
2026-06-07 22:24:05 [INFO] vectrax.telegram_gateway — REFRESH SIGNAL | Poll client age 905s — requesting refresh
2026-06-07 22:24:14 [INFO] vectrax.telegram_gateway — REFRESH | consuming signal from heartbeat thread
2026-06-07 22:25:17 [INFO] vectrax.telegram_gateway — POLL #153 | 1 updates | 2561ms
2026-06-07 22:25:17 [INFO] vectrax.telegram_gateway — RECV 5828154404 | si
2026-06-07 22:25:18 [INFO] vectrax.telegram_gateway — FAST 5828154404 | si → 11 ch
2026-06-07 22:25:44 [INFO] vectrax.telegram_gateway — POLL #154 | 1 updates | 26470ms
2026-06-07 22:25:44 [INFO] vectrax.telegram_gateway — RECV 5828154404 | profundiza y hazme un estudio fundamenta
2026-06-07 22:25:44 [INFO] vectrax.telegram_gateway — QUEUED 5828154404 | profundiza y hazme un estudio  → c82f0c6ab8d2
2026-06-07 22:26:08 [INFO] vectrax.telegram_gateway — POLL #155 | 1 updates | 23579ms
2026-06-07 22:26:08 [INFO] vectrax.telegram_gateway — RECV 5828154404 | profundiza en meta
2026-06-07 22:26:08 [INFO] vectrax.telegram_gateway — QUEUED 5828154404 | profundiza en meta → b474b302da06
2026-06-07 22:28:05 [INFO] vectrax.telegram_gateway — STATUS | up=1h20m1s | processed=3 | polls=158 (empty=155) | errors=0 | handler_err=0 | pool_threads=2/6 | last_msg=118s ago
2026-06-07 22:30:40 [INFO] vectrax.telegram_gateway — === Vectrax Telegram Gateway (Scalable) ===
2026-06-07 22:30:40 [INFO] vectrax.telegram_gateway — Gateway ready (6 workers, queue-based)
2026-06-07 22:30:40 [INFO] vectrax.telegram_gateway — Bot started — resumed at offset 99302066 (heartbeat thread active)
2026-06-07 22:30:40 [INFO] vectrax.telegram_gateway — STATUS | up=0h0m0s | processed=0 | polls=0 (empty=0) | errors=0 | handler_err=0 | pool_threads=0/6 | last_msg=never
2026-06-07 22:30:40 [INFO] vectrax.telegram_gateway — TCP_PROBE | resolved api.telegram.org → 149.154.166.110
2026-06-07 22:35:40 [INFO] vectrax.telegram_gateway — STATUS | up=0h5m0s | processed=0 | polls=9 (empty=9) | errors=0 | handler_err=0 | pool_threads=0/6 | last_msg=never
2026-06-07 22:40:40 [INFO] vectrax.telegram_gateway — STATUS | up=0h10m0s | processed=0 | polls=19 (empty=19) | errors=0 | handler_err=0 | pool_threads=0/6 | last_msg=never
2026-06-07 22:45:40 [INFO] vectrax.telegram_gateway — REFRESH SIGNAL | Poll client age 900s — requesting refresh
2026-06-07 22:45:40 [INFO] vectrax.telegram_gateway — STATUS | up=0h15m0s | processed=0 | polls=29 (empty=29) | errors=0 | handler_err=0 | pool_threads=0/6 | last_msg=never
2026-06-07 22:45:54 [INFO] vectrax.telegram_gateway — REFRESH | consuming signal from heartbeat thread
2026-06-07 22:50:40 [INFO] vectrax.telegram_gateway — STATUS | up=0h20m0s | processed=0 | polls=39 (empty=39) | errors=0 | handler_err=0 | pool_threads=0/6 | last_msg=never
2026-06-07 22:55:41 [INFO] vectrax.telegram_gateway — STATUS | up=0h25m0s | processed=0 | polls=49 (empty=49) | errors=0 | handler_err=0 | pool_threads=0/6 | last_msg=never
2026-06-07 23:00:41 [INFO] vectrax.telegram_gateway — STATUS | up=0h30m0s | processed=0 | polls=59 (empty=59) | errors=0 | handler_err=0 | pool_threads=0/6 | last_msg=never
2026-06-07 23:01:01 [INFO] vectrax.telegram_gateway — REFRESH SIGNAL | Poll client age 907s — requesting refresh
2026-06-07 23:01:08 [INFO] vectrax.telegram_gateway — REFRESH | consuming signal from heartbeat thread
2026-06-07 23:05:41 [INFO] vectrax.telegram_gateway — STATUS | up=0h35m0s | processed=0 | polls=68 (empty=68) | errors=0 | handler_err=0 | pool_threads=0/6 | last_msg=never
2026-06-07 23:10:41 [INFO] vectrax.telegram_gateway — STATUS | up=0h40m1s | processed=0 | polls=78 (empty=78) | errors=0 | handler_err=0 | pool_threads=0/6 | last_msg=never
2026-06-07 23:15:41 [INFO] vectrax.telegram_gateway — STATUS | up=0h45m1s | processed=0 | polls=88 (empty=88) | errors=0 | handler_err=0 | pool_threads=0/6 | last_msg=never
2026-06-07 23:16:11 [INFO] vectrax.telegram_gateway — REFRESH SIGNAL | Poll client age 903s — requesting refresh
2026-06-07 23:16:22 [INFO] vectrax.telegram_gateway — REFRESH | consuming signal from heartbeat thread
2026-06-07 23:20:41 [INFO] vectrax.telegram_gateway — STATUS | up=0h50m1s | processed=0 | polls=98 (empty=98) | errors=0 | handler_err=0 | pool_threads=0/6 | last_msg=never
2026-06-07 23:25:41 [INFO] vectrax.telegram_gateway — STATUS | up=0h55m1s | processed=0 | polls=108 (empty=108) | errors=0 | handler_err=0 | pool_threads=0/6 | last_msg=never
2026-06-07 23:30:41 [INFO] vectrax.telegram_gateway — STATUS | up=1h0m1s | processed=0 | polls=118 (empty=118) | errors=0 | handler_err=0 | pool_threads=0/6 | last_msg=never
2026-06-07 23:31:31 [INFO] vectrax.telegram_gateway — REFRESH SIGNAL | Poll client age 909s — requesting refresh
2026-06-07 23:31:36 [INFO] vectrax.telegram_gateway — REFRESH | consuming signal from heartbeat thread
2026-06-07 23:35:41 [INFO] vectrax.telegram_gateway — STATUS | up=1h5m1s | processed=0 | polls=128 (empty=128) | errors=0 | handler_err=0 | pool_threads=0/6 | last_msg=never
2026-06-07 23:40:42 [INFO] vectrax.telegram_gateway — STATUS | up=1h10m1s | processed=0 | polls=137 (empty=137) | errors=0 | handler_err=0 | pool_threads=0/6 | last_msg=never
2026-06-07 23:45:42 [INFO] vectrax.telegram_gateway — STATUS | up=1h15m1s | processed=0 | polls=147 (empty=147) | errors=0 | handler_err=0 | pool_threads=0/6 | last_msg=never
2026-06-07 23:46:42 [INFO] vectrax.telegram_gateway — REFRESH SIGNAL | Poll client age 906s — requesting refresh
2026-06-07 23:46:50 [INFO] vectrax.telegram_gateway — REFRESH | consuming signal from heartbeat thread
2026-06-07 23:50:42 [INFO] vectrax.telegram_gateway — STATUS | up=1h20m1s | processed=0 | polls=157 (empty=157) | errors=0 | handler_err=0 | pool_threads=0/6 | last_msg=never
2026-06-07 23:55:42 [INFO] vectrax.telegram_gateway — STATUS | up=1h25m2s | processed=0 | polls=167 (empty=167) | errors=0 | handler_err=0 | pool_threads=0/6 | last_msg=never
2026-06-08 00:00:42 [INFO] vectrax.telegram_gateway — STATUS | up=1h30m2s | processed=0 | polls=177 (empty=177) | errors=0 | handler_err=0 | pool_threads=0/6 | last_msg=never
2026-06-08 00:01:52 [INFO] vectrax.telegram_gateway — REFRESH SIGNAL | Poll client age 902s — requesting refresh
2026-06-08 00:02:04 [INFO] vectrax.telegram_gateway — REFRESH | consuming signal from heartbeat thread
2026-06-08 00:05:42 [INFO] vectrax.telegram_gateway — STATUS | up=1h35m2s | processed=0 | polls=187 (empty=187) | errors=0 | handler_err=0 | pool_threads=0/6 | last_msg=never
2026-06-08 00:10:42 [INFO] vectrax.telegram_gateway — STATUS | up=1h40m2s | processed=0 | polls=197 (empty=197) | errors=0 | handler_err=0 | pool_threads=0/6 | last_msg=never
2026-06-08 00:15:42 [INFO] vectrax.telegram_gateway — STATUS | up=1h45m2s | processed=0 | polls=206 (empty=206) | errors=0 | handler_err=0 | pool_threads=0/6 | last_msg=never
2026-06-08 00:17:12 [INFO] vectrax.telegram_gateway — REFRESH SIGNAL | Poll client age 909s — requesting refresh
2026-06-08 00:17:18 [INFO] vectrax.telegram_gateway — REFRESH | consuming signal from heartbeat thread
2026-06-08 00:20:43 [INFO] vectrax.telegram_gateway — STATUS | up=1h50m2s | processed=0 | polls=216 (empty=216) | errors=0 | handler_err=0 | pool_threads=0/6 | last_msg=never
2026-06-08 00:25:25 [INFO] vectrax.telegram_gateway — Bot stopped | processed=0 | polls=226 | errors=0
2026-06-08 00:25:34 [INFO] vectrax.telegram_gateway — === Vectrax Telegram Gateway (Scalable) ===
2026-06-08 00:25:34 [INFO] vectrax.telegram_gateway — Gateway ready (6 workers, queue-based)
2026-06-08 00:25:34 [INFO] vectrax.telegram_gateway — Bot started — resumed at offset 99302066 (heartbeat thread active)
2026-06-08 00:25:34 [INFO] vectrax.telegram_gateway — STATUS | up=0h0m0s | processed=0 | polls=0 (empty=0) | errors=0 | handler_err=0 | pool_threads=0/6 | last_msg=never
2026-06-08 00:25:34 [INFO] vectrax.telegram_gateway — TCP_PROBE | resolved api.telegram.org → 149.154.166.110
2026-06-08 00:30:34 [INFO] vectrax.telegram_gateway — STATUS | up=0h5m0s | processed=0 | polls=9 (empty=9) | errors=0 | handler_err=0 | pool_threads=0/6 | last_msg=never
2026-06-08 00:33:11 [INFO] vectrax.telegram_gateway — Bot stopped | processed=0 | polls=15 | errors=0
2026-06-08 00:33:21 [INFO] vectrax.telegram_gateway — === Vectrax Telegram Gateway (Scalable) ===
2026-06-08 00:33:22 [INFO] vectrax.telegram_gateway — Gateway ready (6 workers, queue-based)
2026-06-08 00:33:22 [INFO] vectrax.telegram_gateway — Bot started — resumed at offset 99302066 (heartbeat thread active)
2026-06-08 00:33:22 [INFO] vectrax.telegram_gateway — STATUS | up=0h0m0s | processed=0 | polls=0 (empty=0) | errors=0 | handler_err=0 | pool_threads=0/6 | last_msg=never
2026-06-08 00:33:22 [INFO] vectrax.telegram_gateway — TCP_PROBE | resolved api.telegram.org → 149.154.166.110
2026-06-08 00:38:22 [INFO] vectrax.telegram_gateway — STATUS | up=0h5m0s | processed=0 | polls=9 (empty=9) | errors=0 | handler_err=0 | pool_threads=0/6 | last_msg=never
2026-06-08 00:43:22 [INFO] vectrax.telegram_gateway — STATUS | up=0h10m0s | processed=0 | polls=19 (empty=19) | errors=0 | handler_err=0 | pool_threads=0/6 | last_msg=never
2026-06-08 00:46:17 [INFO] vectrax.telegram_gateway — POLL #26 | 1 updates | 13533ms
2026-06-08 00:46:17 [INFO] vectrax.telegram_gateway — RECV 2030762343 | Despierta Vectrax ?
2026-06-08 00:46:17 [INFO] vectrax.telegram_gateway — QUEUED 2030762343 | Despierta Vectrax ? → e93fee97762b
2026-06-08 00:47:09 [INFO] vectrax.telegram_gateway — POLL #28 | 1 updates | 21607ms
2026-06-08 00:47:09 [INFO] vectrax.telegram_gateway — RECV 2030762343 | Despierta Vectrax
2026-06-08 00:47:09 [INFO] vectrax.telegram_gateway — QUEUED 2030762343 | Despierta Vectrax → a261734178e2
2026-06-08 00:47:24 [INFO] vectrax.telegram_gateway — POLL #29 | 1 updates | 15222ms
2026-06-08 00:47:24 [INFO] vectrax.telegram_gateway — RECV 2030762343 | Hola
2026-06-08 00:47:25 [INFO] vectrax.telegram_gateway — FAST 2030762343 | Hola → 40 ch
2026-06-08 00:48:22 [INFO] vectrax.telegram_gateway — REFRESH SIGNAL | Poll client age 900s — requesting refresh
2026-06-08 00:48:22 [INFO] vectrax.telegram_gateway — STATUS | up=0h15m0s | processed=3 | polls=30 (empty=27) | errors=0 | handler_err=0 | pool_threads=2/6 | last_msg=58s ago
2026-06-08 00:48:25 [INFO] vectrax.telegram_gateway — REFRESH | consuming signal from heartbeat thread
2026-06-08 00:53:22 [INFO] vectrax.telegram_gateway — STATUS | up=0h20m0s | processed=3 | polls=40 (empty=37) | errors=0 | handler_err=0 | pool_threads=2/6 | last_msg=358s ago
2026-06-08 00:58:22 [INFO] vectrax.telegram_gateway — STATUS | up=0h25m0s | processed=3 | polls=50 (empty=47) | errors=0 | handler_err=0 | pool_threads=2/6 | last_msg=658s ago
2026-06-08 01:03:22 [INFO] vectrax.telegram_gateway — STATUS | up=0h30m0s | processed=3 | polls=60 (empty=57) | errors=0 | handler_err=0 | pool_threads=2/6 | last_msg=958s ago
2026-06-08 01:03:32 [INFO] vectrax.telegram_gateway — REFRESH SIGNAL | Poll client age 907s — requesting refresh
2026-06-08 01:03:39 [INFO] vectrax.telegram_gateway — REFRESH | consuming signal from heartbeat thread
2026-06-08 01:08:22 [INFO] vectrax.telegram_gateway — STATUS | up=0h35m0s | processed=3 | polls=70 (empty=67) | errors=0 | handler_err=0 | pool_threads=2/6 | last_msg=1258s ago
2026-06-08 01:13:23 [INFO] vectrax.telegram_gateway — STATUS | up=0h40m1s | processed=3 | polls=80 (empty=77) | errors=0 | handler_err=0 | pool_threads=2/6 | last_msg=1558s ago
2026-06-08 01:18:23 [INFO] vectrax.telegram_gateway — STATUS | up=0h45m1s | processed=3 | polls=89 (empty=86) | errors=0 | handler_err=0 | pool_threads=2/6 | last_msg=1858s ago
2026-06-08 01:18:43 [INFO] vectrax.telegram_gateway — REFRESH SIGNAL | Poll client age 903s — requesting refresh
2026-06-08 01:18:53 [INFO] vectrax.telegram_gateway — REFRESH | consuming signal from heartbeat thread
2026-06-08 01:23:23 [INFO] vectrax.telegram_gateway — STATUS | up=0h50m1s | processed=3 | polls=99 (empty=96) | errors=0 | handler_err=0 | pool_threads=2/6 | last_msg=2158s ago
2026-06-08 01:28:23 [INFO] vectrax.telegram_gateway — STATUS | up=0h55m1s | processed=3 | polls=109 (empty=106) | errors=0 | handler_err=0 | pool_threads=2/6 | last_msg=2458s ago
2026-06-08 01:33:23 [INFO] vectrax.telegram_gateway — STATUS | up=1h0m1s | processed=3 | polls=119 (empty=116) | errors=0 | handler_err=0 | pool_threads=2/6 | last_msg=2759s ago
2026-06-08 01:34:03 [INFO] vectrax.telegram_gateway — REFRESH SIGNAL | Poll client age 910s — requesting refresh
2026-06-08 01:34:07 [INFO] vectrax.telegram_gateway — REFRESH | consuming signal from heartbeat thread
2026-06-08 01:37:36 [INFO] vectrax.telegram_gateway — === Vectrax Telegram Gateway (Scalable) ===
2026-06-08 01:37:36 [INFO] vectrax.telegram_gateway — Gateway ready (6 workers, queue-based)
2026-06-08 01:37:36 [INFO] vectrax.telegram_gateway — Bot started — resumed at offset 99302069 (heartbeat thread active)
2026-06-08 01:37:36 [INFO] vectrax.telegram_gateway — STATUS | up=0h0m0s | processed=0 | polls=0 (empty=0) | errors=0 | handler_err=0 | pool_threads=0/6 | last_msg=never
2026-06-08 01:37:36 [INFO] vectrax.telegram_gateway — TCP_PROBE | resolved api.telegram.org → 149.154.166.110
2026-06-08 01:42:41 [INFO] vectrax.telegram_gateway — Bot stopped | processed=0 | polls=10 | errors=0
2026-06-08 01:42:42 [INFO] vectrax.telegram_gateway — === Vectrax Telegram Gateway (Scalable) ===
2026-06-08 01:42:42 [INFO] vectrax.telegram_gateway — Gateway ready (6 workers, queue-based)
2026-06-08 01:42:42 [INFO] vectrax.telegram_gateway — Bot started — resumed at offset 99302069 (heartbeat thread active)
2026-06-08 01:42:42 [INFO] vectrax.telegram_gateway — STATUS | up=0h0m0s | processed=0 | polls=0 (empty=0) | errors=0 | handler_err=0 | pool_threads=0/6 | last_msg=never
2026-06-08 01:42:42 [INFO] vectrax.telegram_gateway — TCP_PROBE | resolved api.telegram.org → 149.154.166.110
2026-06-08 01:47:07 [INFO] vectrax.telegram_gateway — POLL #9 | 1 updates | 21179ms
2026-06-08 01:47:07 [INFO] vectrax.telegram_gateway — RECV 2030762343 | Despierta Vectrax
2026-06-08 01:47:07 [INFO] vectrax.telegram_gateway — QUEUED 2030762343 | Despierta Vectrax → 5ada1757a86a
2026-06-08 01:47:40 [INFO] vectrax.telegram_gateway — POLL #11 | 1 updates | 2338ms
2026-06-08 01:47:40 [INFO] vectrax.telegram_gateway — RECV 2030762343 | Vectrax
2026-06-08 01:47:40 [INFO] vectrax.telegram_gateway — QUEUED 2030762343 | Vectrax → 6d0f9eacf271
2026-06-08 01:47:42 [INFO] vectrax.telegram_gateway — STATUS | up=0h5m0s | processed=2 | polls=11 (empty=9) | errors=0 | handler_err=0 | pool_threads=1/6 | last_msg=2s ago
2026-06-08 01:48:12 [INFO] vectrax.telegram_gateway — POLL #13 | 1 updates | 1050ms
2026-06-08 01:48:12 [INFO] vectrax.telegram_gateway — RECV 2030762343 | Hola
2026-06-08 01:48:12 [INFO] vectrax.telegram_gateway — FAST 2030762343 | Hola → 40 ch
2026-06-08 01:52:42 [INFO] vectrax.telegram_gateway — STATUS | up=0h10m0s | processed=3 | polls=21 (empty=18) | errors=0 | handler_err=0 | pool_threads=2/6 | last_msg=271s ago
2026-06-08 01:53:10 [INFO] vectrax.telegram_gateway — === Vectrax Telegram Gateway (Scalable) ===
2026-06-08 01:53:10 [INFO] vectrax.telegram_gateway — Gateway ready (6 workers, queue-based)
2026-06-08 01:53:10 [INFO] vectrax.telegram_gateway — Bot started — resumed at offset 99302072 (heartbeat thread active)
2026-06-08 01:53:10 [INFO] vectrax.telegram_gateway — STATUS | up=0h0m0s | processed=0 | polls=0 (empty=0) | errors=0 | handler_err=0 | pool_threads=0/6 | last_msg=never
2026-06-08 01:53:10 [INFO] vectrax.telegram_gateway — TCP_PROBE | resolved api.telegram.org → 149.154.166.110
2026-06-08 01:58:10 [INFO] vectrax.telegram_gateway — STATUS | up=0h5m0s | processed=0 | polls=9 (empty=9) | errors=0 | handler_err=0 | pool_threads=0/6 | last_msg=never
2026-06-08 02:03:10 [INFO] vectrax.telegram_gateway — STATUS | up=0h10m0s | processed=0 | polls=19 (empty=19) | errors=0 | handler_err=0 | pool_threads=0/6 | last_msg=never
2026-06-08 02:05:10 [INFO] vectrax.telegram_gateway — POLL #24 | 1 updates | 18535ms
2026-06-08 02:05:10 [INFO] vectrax.telegram_gateway — RECV 8080090152 | /start
2026-06-08 02:05:10 [INFO] vectrax.telegram_gateway — ACTIVATE instant | user=tg:8080090152
2026-06-08 02:08:11 [INFO] vectrax.telegram_gateway — REFRESH SIGNAL | Poll client age 900s — requesting refresh
2026-06-08 02:08:11 [INFO] vectrax.telegram_gateway — STATUS | up=0h15m0s | processed=0 | polls=29 (empty=28) | errors=0 | handler_err=0 | pool_threads=2/6 | last_msg=181s ago
2026-06-08 02:08:12 [INFO] vectrax.telegram_gateway — REFRESH | consuming signal from heartbeat thread
2026-06-08 02:09:52 [INFO] vectrax.telegram_gateway — POLL #34 | 1 updates | 8571ms
2026-06-08 02:09:52 [INFO] vectrax.telegram_gateway — RECV 8080090152 | Hello
2026-06-08 02:09:53 [INFO] vectrax.telegram_gateway — FAST 8080090152 | Hello → 61 ch
2026-06-08 02:10:03 [INFO] vectrax.telegram_gateway — POLL #35 | 1 updates | 10012ms
2026-06-08 02:10:03 [INFO] vectrax.telegram_gateway — RECV 8080090152 | Joy
2026-06-08 02:10:03 [INFO] vectrax.telegram_gateway — QUEUED 8080090152 | Joy → 4b0015705d31
2026-06-08 02:10:09 [INFO] vectrax.telegram_gateway — POLL #36 | 1 updates | 5823ms
2026-06-08 02:10:09 [INFO] vectrax.telegram_gateway — RECV 8080090152 | /lead
2026-06-08 02:10:18 [INFO] vectrax.telegram_gateway — POLL #37 | 1 updates | 9789ms
2026-06-08 02:10:18 [INFO] vectrax.telegram_gateway — RECV 8080090152 | /lead joy
2026-06-08 02:12:18 [INFO] vectrax.telegram_gateway — POLL #41 | 1 updates | 28518ms
2026-06-08 02:12:18 [INFO] vectrax.telegram_gateway — RECV 2030762343 | Hola vectrax
2026-06-08 02:12:18 [INFO] vectrax.telegram_gateway — Bot stopped | processed=2 | polls=41 | errors=0
2026-06-08 02:12:18 [INFO] vectrax.telegram_gateway — QUEUED 2030762343 | Hola vectrax → 1a0d70369156
2026-06-08 02:12:21 [INFO] vectrax.telegram_gateway — === Vectrax Telegram Gateway (Scalable) ===
2026-06-08 02:12:21 [INFO] vectrax.telegram_gateway — Gateway ready (6 workers, queue-based)
2026-06-08 02:12:21 [INFO] vectrax.telegram_gateway — Bot started — resumed at offset 99302078 (heartbeat thread active)
2026-06-08 02:12:21 [INFO] vectrax.telegram_gateway — STATUS | up=0h0m0s | processed=0 | polls=0 (empty=0) | errors=0 | handler_err=0 | pool_threads=0/6 | last_msg=never
2026-06-08 02:12:21 [INFO] vectrax.telegram_gateway — TCP_PROBE | resolved api.telegram.org → 149.154.166.110
2026-06-08 02:17:21 [INFO] vectrax.telegram_gateway — STATUS | up=0h5m0s | processed=0 | polls=9 (empty=9) | errors=0 | handler_err=0 | pool_threads=0/6 | last_msg=never
2026-06-08 02:20:29 [INFO] vectrax.telegram_gateway — Bot stopped | processed=0 | polls=16 | errors=0
2026-06-08 02:20:30 [INFO] vectrax.telegram_gateway — === Vectrax Telegram Gateway (Scalable) ===
2026-06-08 02:20:30 [INFO] vectrax.telegram_gateway — Gateway ready (6 workers, queue-based)
2026-06-08 02:20:30 [INFO] vectrax.telegram_gateway — Bot started — resumed at offset 99302078 (heartbeat thread active)
2026-06-08 02:20:30 [INFO] vectrax.telegram_gateway — STATUS | up=0h0m0s | processed=0 | polls=0 (empty=0) | errors=0 | handler_err=0 | pool_threads=0/6 | last_msg=never
2026-06-08 02:20:30 [INFO] vectrax.telegram_gateway — TCP_PROBE | resolved api.telegram.org → 149.154.166.110
2026-06-08 02:25:31 [INFO] vectrax.telegram_gateway — STATUS | up=0h5m0s | processed=0 | polls=9 (empty=9) | errors=0 | handler_err=0 | pool_threads=0/6 | last_msg=never
2026-06-08 02:28:31 [INFO] vectrax.telegram_gateway — === Vectrax Telegram Gateway (Scalable) ===
2026-06-08 02:28:31 [INFO] vectrax.telegram_gateway — Gateway ready (6 workers, queue-based)
2026-06-08 02:28:31 [INFO] vectrax.telegram_gateway — Bot started — resumed at offset 99302078 (heartbeat thread active)
2026-06-08 02:28:31 [INFO] vectrax.telegram_gateway — STATUS | up=0h0m0s | processed=0 | polls=0 (empty=0) | errors=0 | handler_err=0 | pool_threads=0/6 | last_msg=never
2026-06-08 02:28:31 [INFO] vectrax.telegram_gateway — TCP_PROBE | resolved api.telegram.org → 149.154.166.110
2026-06-08 02:33:31 [INFO] vectrax.telegram_gateway — STATUS | up=0h5m0s | processed=0 | polls=9 (empty=9) | errors=0 | handler_err=0 | pool_threads=0/6 | last_msg=never
2026-06-08 02:38:31 [INFO] vectrax.telegram_gateway — STATUS | up=0h10m0s | processed=0 | polls=19 (empty=19) | errors=0 | handler_err=0 | pool_threads=0/6 | last_msg=never
2026-06-08 02:43:32 [INFO] vectrax.telegram_gateway — REFRESH SIGNAL | Poll client age 900s — requesting refresh
2026-06-08 02:43:32 [INFO] vectrax.telegram_gateway — STATUS | up=0h15m0s | processed=0 | polls=29 (empty=29) | errors=0 | handler_err=0 | pool_threads=0/6 | last_msg=never
2026-06-08 02:43:45 [INFO] vectrax.telegram_gateway — REFRESH | consuming signal from heartbeat thread
2026-06-08 02:48:32 [INFO] vectrax.telegram_gateway — STATUS | up=0h20m0s | processed=0 | polls=39 (empty=39) | errors=0 | handler_err=0 | pool_threads=0/6 | last_msg=never
2026-06-08 02:53:32 [INFO] vectrax.telegram_gateway — STATUS | up=0h25m0s | processed=0 | polls=49 (empty=49) | errors=0 | handler_err=0 | pool_threads=0/6 | last_msg=never
2026-06-08 02:58:32 [INFO] vectrax.telegram_gateway — STATUS | up=0h30m0s | processed=0 | polls=59 (empty=59) | errors=0 | handler_err=0 | pool_threads=0/6 | last_msg=never
2026-06-08 02:58:52 [INFO] vectrax.telegram_gateway — REFRESH SIGNAL | Poll client age 907s — requesting refresh
2026-06-08 02:58:59 [INFO] vectrax.telegram_gateway — REFRESH | consuming signal from heartbeat thread
2026-06-08 03:03:00 [INFO] vectrax.telegram_gateway — POLL #68 | 1 updates | 27053ms
2026-06-08 03:03:00 [INFO] vectrax.telegram_gateway — RECV 2030762343 | Despierta Vectrax
2026-06-08 03:03:00 [INFO] vectrax.telegram_gateway — QUEUED 2030762343 | Despierta Vectrax → 6bd41d81a8ae
2026-06-08 03:03:32 [INFO] vectrax.telegram_gateway — STATUS | up=0h35m0s | processed=1 | polls=69 (empty=68) | errors=0 | handler_err=0 | pool_threads=1/6 | last_msg=32s ago
2026-06-08 03:05:47 [INFO] vectrax.telegram_gateway — POLL #74 | 1 updates | 14578ms
2026-06-08 03:05:47 [INFO] vectrax.telegram_gateway — RECV 2030762343 | Vectrax
2026-06-08 03:05:47 [INFO] vectrax.telegram_gateway — QUEUED 2030762343 | Vectrax → 684504ad7c43
2026-06-08 03:06:08 [INFO] vectrax.telegram_gateway — POLL #75 | 1 updates | 21362ms
2026-06-08 03:06:08 [INFO] vectrax.telegram_gateway — RECV 2030762343 | Hola
2026-06-08 03:06:09 [INFO] vectrax.telegram_gateway — FAST 2030762343 | Hola → 40 ch
2026-06-08 03:08:32 [INFO] vectrax.telegram_gateway — STATUS | up=0h40m1s | processed=3 | polls=79 (empty=76) | errors=0 | handler_err=0 | pool_threads=2/6 | last_msg=144s ago
2026-06-08 03:09:51 [INFO] vectrax.telegram_gateway — POLL #83 | 1 updates | 9267ms
2026-06-08 03:09:51 [INFO] vectrax.telegram_gateway — RECV 2030762343 | ¿Quién eres?
2026-06-08 03:09:51 [INFO] vectrax.telegram_gateway — FAST 2030762343 | ¿Quién eres? → 116 ch
2026-06-08 03:10:08 [INFO] vectrax.telegram_gateway — POLL #84 | 1 updates | 17320ms
2026-06-08 03:10:08 [INFO] vectrax.telegram_gateway — RECV 2030762343 | ¿Y qué sabes de mí?
2026-06-08 03:10:08 [INFO] vectrax.telegram_gateway — QUEUED 2030762343 | ¿Y qué sabes de mí? → 2787f177f596
2026-06-08 03:12:18 [INFO] vectrax.telegram_gateway — POLL #89 | 1 updates | 8218ms
2026-06-08 03:12:18 [INFO] vectrax.telegram_gateway — RECV 2030762343 | Estamos trabajando en el observador de m
2026-06-08 03:12:21 [INFO] vectrax.telegram_gateway — MARKET_OPINION 2030762343 | DE → queued with insight
2026-06-08 03:12:21 [WARNING] vectrax.telegram_gateway — HANDLE SLOW user=2030762343 | 3047ms | Estamos trabajando en el observador de m
2026-06-08 03:12:42 [INFO] vectrax.telegram_gateway — POLL #90 | 1 updates | 23574ms
2026-06-08 03:12:42 [INFO] vectrax.telegram_gateway — RECV 2030762343 | VECTRAX
2026-06-08 03:12:42 [INFO] vectrax.telegram_gateway — QUEUED 2030762343 | VECTRAX → b5f780d683c4
2026-06-08 03:13:32 [INFO] vectrax.telegram_gateway — STATUS | up=0h45m1s | processed=7 | polls=91 (empty=84) | errors=0 | handler_err=0 | pool_threads=2/6 | last_msg=50s ago
2026-06-08 03:14:02 [INFO] vectrax.telegram_gateway — REFRESH SIGNAL | Poll client age 903s — requesting refresh
2026-06-08 03:14:14 [INFO] vectrax.telegram_gateway — REFRESH | consuming signal from heartbeat thread
2026-06-08 03:14:42 [INFO] vectrax.telegram_gateway — POLL #94 | 1 updates | 28716ms
2026-06-08 03:14:42 [INFO] vectrax.telegram_gateway — RECV 2030762343 | Mario
2026-06-08 03:14:42 [INFO] vectrax.telegram_gateway — QUEUED 2030762343 | Mario → 4056682705eb
2026-06-08 03:15:14 [INFO] vectrax.telegram_gateway — POLL #96 | 1 updates | 988ms
2026-06-08 03:15:14 [INFO] vectrax.telegram_gateway — RECV 2030762343 | mercado
2026-06-08 03:15:14 [INFO] vectrax.telegram_gateway — QUEUED 2030762343 | mercado → a619ed73178a
2026-06-08 03:15:24 [INFO] vectrax.telegram_gateway — POLL #97 | 1 updates | 9545ms
2026-06-08 03:15:24 [INFO] vectrax.telegram_gateway — RECV 2030762343 | observador
2026-06-08 03:15:24 [INFO] vectrax.telegram_gateway — QUEUED 2030762343 | observador → 3f97ffccff5f
2026-06-08 03:15:34 [INFO] vectrax.telegram_gateway — POLL #98 | 1 updates | 10128ms
2026-06-08 03:15:34 [INFO] vectrax.telegram_gateway — RECV 2030762343 | patrones
2026-06-08 03:15:34 [INFO] vectrax.telegram_gateway — QUEUED 2030762343 | patrones → 2448ca8762f6
2026-06-08 03:15:42 [INFO] vectrax.telegram_gateway — POLL #99 | 1 updates | 8397ms
2026-06-08 03:15:42 [INFO] vectrax.telegram_gateway — RECV 2030762343 | ¿qué relación tienen esas palabras?
2026-06-08 03:15:42 [INFO] vectrax.telegram_gateway — QUEUED 2030762343 | ¿qué relación tienen esas pala → 1da158eb002a
2026-06-08 03:18:32 [INFO] vectrax.telegram_gateway — STATUS | up=0h50m1s | processed=12 | polls=104 (empty=92) | errors=0 | handler_err=0 | pool_threads=2/6 | last_msg=170s ago
2026-06-08 03:23:32 [INFO] vectrax.telegram_gateway — STATUS | up=0h55m1s | processed=12 | polls=114 (empty=102) | errors=0 | handler_err=0 | pool_threads=2/6 | last_msg=470s ago
2026-06-08 03:28:33 [INFO] vectrax.telegram_gateway — STATUS | up=1h0m1s | processed=12 | polls=124 (empty=112) | errors=0 | handler_err=0 | pool_threads=2/6 | last_msg=770s ago
2026-06-08 03:29:23 [INFO] vectrax.telegram_gateway — REFRESH SIGNAL | Poll client age 909s — requesting refresh
2026-06-08 03:29:25 [INFO] vectrax.telegram_gateway — REFRESH | consuming signal from heartbeat thread
2026-06-08 03:30:56 [INFO] vectrax.telegram_gateway — Bot stopped | processed=12 | polls=129 | errors=0
2026-06-08 03:31:07 [INFO] vectrax.telegram_gateway — === Vectrax Telegram Gateway (Scalable) ===
2026-06-08 03:31:07 [INFO] vectrax.telegram_gateway — Gateway ready (6 workers, queue-based)
2026-06-08 03:31:07 [INFO] vectrax.telegram_gateway — Bot started — resumed at offset 99302090 (heartbeat thread active)
2026-06-08 03:31:07 [INFO] vectrax.telegram_gateway — STATUS | up=0h0m0s | processed=0 | polls=0 (empty=0) | errors=0 | handler_err=0 | pool_threads=0/6 | last_msg=never
2026-06-08 03:31:07 [INFO] vectrax.telegram_gateway — TCP_PROBE | resolved api.telegram.org → 149.154.166.110
2026-06-08 03:31:08 [INFO] vectrax.telegram_gateway — POLL #1 | 1 updates | 525ms
2026-06-08 03:31:08 [INFO] vectrax.telegram_gateway — RECV 2030762343 | ¿Y qué sabes de mí?
2026-06-08 03:31:08 [INFO] vectrax.telegram_gateway — QUEUED 2030762343 | ¿Y qué sabes de mí? → baba13d7e162
2026-06-08 03:32:16 [INFO] vectrax.telegram_gateway — POLL #4 | 1 updates | 7469ms
2026-06-08 03:32:16 [INFO] vectrax.telegram_gateway — RECV 2030762343 | Le pusimos palabras al sistema hoy.
¿Qué
2026-06-08 03:32:16 [INFO] vectrax.telegram_gateway — QUEUED 2030762343 | Le pusimos palabras al sistema → b917700a3a41
2026-06-08 03:32:31 [INFO] vectrax.telegram_gateway — POLL #5 | 1 updates | 14341ms
2026-06-08 03:32:31 [INFO] vectrax.telegram_gateway — RECV 2030762343 | Le pusimos palabras al sistema hoy.
¿Qué
2026-06-08 03:32:31 [INFO] vectrax.telegram_gateway — SKIP duplicate 2030762343 | Le pusimos palabras al sistema
2026-06-08 03:32:41 [INFO] vectrax.telegram_gateway — POLL #6 | 1 updates | 10304ms
2026-06-08 03:32:41 [INFO] vectrax.telegram_gateway — RECV 2030762343 | Estábamos hablando antes de continuidad.
2026-06-08 03:32:41 [INFO] vectrax.telegram_gateway — QUEUED 2030762343 | Estábamos hablando antes de co → 5babe19eca5e
2026-06-08 03:36:07 [INFO] vectrax.telegram_gateway — STATUS | up=0h5m0s | processed=3 | polls=12 (empty=8) | errors=0 | handler_err=0 | pool_threads=1/6 | last_msg=206s ago
2026-06-08 03:37:53 [INFO] vectrax.telegram_gateway — === Vectrax Telegram Gateway (Scalable) ===
2026-06-08 03:37:53 [INFO] vectrax.telegram_gateway — Gateway ready (6 workers, queue-based)
2026-06-08 03:37:53 [INFO] vectrax.telegram_gateway — Bot started — resumed at offset 99302094 (heartbeat thread active)
2026-06-08 03:37:53 [INFO] vectrax.telegram_gateway — STATUS | up=0h0m0s | processed=0 | polls=0 (empty=0) | errors=0 | handler_err=0 | pool_threads=0/6 | last_msg=never
2026-06-08 03:37:53 [INFO] vectrax.telegram_gateway — TCP_PROBE | resolved api.telegram.org → 149.154.166.110
2026-06-08 03:38:59 [INFO] vectrax.telegram_gateway — POLL #3 | 1 updates | 5240ms
2026-06-08 03:38:59 [INFO] vectrax.telegram_gateway — RECV 2030762343 | ¿Y qué sabes de mí?
2026-06-08 03:38:59 [INFO] vectrax.telegram_gateway — QUEUED 2030762343 | ¿Y qué sabes de mí? → 41b1f0233d83
2026-06-08 03:39:59 [INFO] vectrax.telegram_gateway — POLL #5 | 1 updates | 29168ms
2026-06-08 03:39:59 [INFO] vectrax.telegram_gateway — RECV 2030762343 | Le pusimos palabras al sistema hoy.
¿Qué
2026-06-08 03:39:59 [INFO] vectrax.telegram_gateway — QUEUED 2030762343 | Le pusimos palabras al sistema → 681bf239e80e
2026-06-08 03:40:18 [INFO] vectrax.telegram_gateway — POLL #6 | 1 updates | 19430ms
2026-06-08 03:40:18 [INFO] vectrax.telegram_gateway — RECV 2030762343 | Estábamos hablando antes de continuidad.
2026-06-08 03:40:18 [INFO] vectrax.telegram_gateway — QUEUED 2030762343 | Estábamos hablando antes de co → 733cf7fff8e7
2026-06-08 03:40:53 [INFO] vectrax.telegram_gateway — POLL #8 | 1 updates | 3672ms
2026-06-08 03:40:53 [INFO] vectrax.telegram_gateway — RECV 2030762343 | ¿Quién diseñó VECTRAX?
2026-06-08 03:40:53 [INFO] vectrax.telegram_gateway — QUEUED 2030762343 | ¿Quién diseñó VECTRAX? → e2615e4e6604
2026-06-08 03:41:09 [INFO] vectrax.telegram_gateway — POLL #9 | 1 updates | 16583ms
2026-06-08 03:41:09 [INFO] vectrax.telegram_gateway — RECV 2030762343 | ¿Qué significa VECTRAX para mí?
2026-06-08 03:41:09 [INFO] vectrax.telegram_gateway — QUEUED 2030762343 | ¿Qué significa VECTRAX para mí → 2085fc302367
2026-06-08 03:42:53 [INFO] vectrax.telegram_gateway — STATUS | up=0h5m0s | processed=5 | polls=12 (empty=7) | errors=0 | handler_err=0 | pool_threads=1/6 | last_msg=104s ago
2026-06-08 03:47:53 [INFO] vectrax.telegram_gateway — STATUS | up=0h10m0s | processed=5 | polls=22 (empty=17) | errors=0 | handler_err=0 | pool_threads=1/6 | last_msg=404s ago
2026-06-08 03:52:53 [INFO] vectrax.telegram_gateway — REFRESH SIGNAL | Poll client age 900s — requesting refresh
2026-06-08 03:52:53 [INFO] vectrax.telegram_gateway — STATUS | up=0h15m0s | processed=5 | polls=32 (empty=27) | errors=0 | handler_err=0 | pool_threads=1/6 | last_msg=704s ago
2026-06-08 03:53:21 [INFO] vectrax.telegram_gateway — REFRESH | consuming signal from heartbeat thread
2026-06-08 03:57:19 [INFO] vectrax.telegram_gateway — === Vectrax Telegram Gateway (Scalable) ===
2026-06-08 03:57:19 [INFO] vectrax.telegram_gateway — Gateway ready (6 workers, queue-based)
2026-06-08 03:57:19 [INFO] vectrax.telegram_gateway — Bot started — resumed at offset 99302099 (heartbeat thread active)
2026-06-08 03:57:19 [INFO] vectrax.telegram_gateway — STATUS | up=0h0m0s | processed=0 | polls=0 (empty=0) | errors=0 | handler_err=0 | pool_threads=0/6 | last_msg=never
2026-06-08 03:57:19 [INFO] vectrax.telegram_gateway — TCP_PROBE | resolved api.telegram.org → 149.154.166.110
2026-06-08 03:57:59 [INFO] vectrax.telegram_gateway — POLL #2 | 1 updates | 9184ms
2026-06-08 03:57:59 [INFO] vectrax.telegram_gateway — RECV 2030762343 | ¿Qué sabes de mí?
2026-06-08 03:57:59 [INFO] vectrax.telegram_gateway — QUEUED 2030762343 | ¿Qué sabes de mí? → 3dde564d61ff
2026-06-08 03:58:15 [INFO] vectrax.telegram_gateway — POLL #3 | 1 updates | 16195ms
2026-06-08 03:58:15 [INFO] vectrax.telegram_gateway — RECV 2030762343 | Estábamos hablando de continuidad. ¿Dónd
2026-06-08 03:58:15 [INFO] vectrax.telegram_gateway — QUEUED 2030762343 | Estábamos hablando de continui → 7260b1a9db6f
2026-06-08 03:58:33 [INFO] vectrax.telegram_gateway — POLL #4 | 1 updates | 17554ms
2026-06-08 03:58:33 [INFO] vectrax.telegram_gateway — RECV 2030762343 | ¿Qué significa Word Gravity dentro de VE
2026-06-08 03:58:33 [INFO] vectrax.telegram_gateway — QUEUED 2030762343 | ¿Qué significa Word Gravity de → bcfd7d3edc80
2026-06-08 04:02:19 [INFO] vectrax.telegram_gateway — STATUS | up=0h5m0s | processed=3 | polls=11 (empty=8) | errors=0 | handler_err=0 | pool_threads=1/6 | last_msg=226s ago
